2026-08-07 03:28:48,506 INFO HTTP Request: GET http://localhost:11435/api/tags "HTTP/1.1 200 OK"
2026-08-07 03:28:48,516 INFO HTTP Request: GET http://localhost:11435/api/version "HTTP/1.1 200 OK"
2026-08-07 03:28:48,516 INFO arm=mas planned=1150 completed=0 todo=1150
2026-08-07 03:28:53,817 INFO HTTP Request: POST http://localhost:11435/api/chat "HTTP/1.1 200 OK"
2026-08-07 03:28:53,866 INFO warm-up call discarded
2026-08-07 03:28:54,205 INFO HTTP Request: POST http://localhost:11435/api/chat "HTTP/1.1 200 OK"
2026-08-07 03:28:56,336 INFO HTTP Request: POST http://localhost:11435/api/chat "HTTP/1.1 200 OK"
2026-08-07 03:29:01,897 INFO HTTP Request: POST http://localhost:11435/api/chat "HTTP/1.1 200 OK"
2026-08-07 03:29:02,716 INFO HTTP Request: POST http://localhost:11435/api/chat "HTTP/1.1 200 OK"
2026-08-07 03:29:03,827 INFO HTTP Request: POST http://localhost:11435/api/chat "HTTP/1.1 200 OK"
2026-08-07 03:29:08,134 INFO HTTP Request: POST http://localhost:11435/api/chat "HTTP/1.1 200 OK"
2026-08-07 03:29:13,489 INFO HTTP Request: POST http://localhost:11435/api/chat "HTTP/1.1 200 OK"
2026-08-07 03:29:18,848 INFO HTTP Request: POST http://localhost:11435/api/chat "HTTP/1.1 200 OK"
2026-08-07 03:29:22,202 INFO [1/1150] mas:TXN-2025-001:t0-fixed:0 -> investigate (28.3s)
2026-08-07 03:29:22,653 INFO HTTP Request: POST http://localhost:11435/api/chat "HTTP/1.1 200 OK"
2026-08-07 03:29:24,423 INFO HTTP Request: POST http://localhost:11435/api/chat "HTTP/1.1 200 OK"
2026-08-07 03:29:30,098 INFO HTTP Request: POST http://localhost:11435/api/chat "HTTP/1.1 200 OK"
2026-08-07 03:29:30,958 INFO HTTP Request: POST http://localhost:11435/api/chat "HTTP/1.1 200 OK"
2026-08-07 03:29:32,178 INFO HTTP Request: POST http://localhost:11435/api/chat "HTTP/1.1 200 OK"
2026-08-07 03:29:36,721 INFO HTTP Request: POST http://localhost:11435/api/chat "HTTP/1.1 200 OK"
2026-08-07 03:29:37,118 INFO HTTP Request: POST http://localhost:11435/api/chat "HTTP/1.1 200 OK"
2026-08-07 03:29:43,170 INFO HTTP Request: POST http://localhost:11435/api/chat "HTTP/1.1 200 OK"
2026-08-07 03:29:47,494 INFO [2/1150] mas:TXN-2025-001:t0-fixed:1 -> investigate (25.3s)
2026-08-07 03:29:47,967 INFO HTTP Request: POST http://localhost:11435/api/chat "HTTP/1.1 200 OK"
2026-08-07 03:29:49,757 INFO HTTP Request: POST http://localhost:11435/api/chat "HTTP/1.1 200 OK"
2026-08-07 03:29:55,518 INFO HTTP Request: POST http://localhost:11435/api/chat "HTTP/1.1 200 OK"
2026-08-07 03:29:56,372 INFO HTTP Request: POST http://localhost:11435/api/chat "HTTP/1.1 200 OK"
2026-08-07 03:29:57,546 INFO HTTP Request: POST http://localhost:11435/api/chat "HTTP/1.1 200 OK"
2026-08-07 03:30:01,846 INFO HTTP Request: POST http://localhost:11435/api/chat "HTTP/1.1 200 OK"
2026-08-07 03:30:02,230 INFO HTTP Request: POST http://localhost:11435/api/chat "HTTP/1.1 200 OK"
2026-08-07 03:30:08,002 INFO HTTP Request: POST http://localhost:11435/api/chat "HTTP/1.1 200 OK"
2026-08-07 03:30:11,128 INFO [3/1150] mas:TXN-2025-001:t0-fixed:2 -> investigate (23.6s)
2026-08-07 03:30:11,670 INFO HTTP Request: POST http://localhost:11435/api/chat "HTTP/1.1 200 OK"
2026-08-07 03:30:13,341 INFO HTTP Request: POST http://localhost:11435/api/chat "HTTP/1.1 200 OK"
2026-08-07 03:30:18,918 INFO HTTP Request: POST http://localhost:11435/api/chat "HTTP/1.1 200 OK"
2026-08-07 03:30:19,810 INFO HTTP Request: POST http://localhost:11435/api/chat "HTTP/1.1 200 OK"
2026-08-07 03:30:20,843 INFO HTTP Request: POST http://localhost:11435/api/chat "HTTP/1.1 200 OK"
2026-08-07 03:30:25,473 INFO HTTP Request: POST http://localhost:11435/api/chat "HTTP/1.1 200 OK"
2026-08-07 03:30:25,868 INFO HTTP Request: POST http://localhost:11435/api/chat "HTTP/1.1 200 OK"
2026-08-07 03:30:31,607 INFO HTTP Request: POST http://localhost:11435/api/chat "HTTP/1.1 200 OK"
2026-08-07 03:30:35,028 INFO [4/1150] mas:TXN-2025-001:t0-fixed:3 -> investigate (23.9s)
2026-08-07 03:30:35,484 INFO HTTP Request: POST http://localhost:11435/api/chat "HTTP/1.1 200 OK"
2026-08-07 03:30:37,371 INFO HTTP Request: POST http://localhost:11435/api/chat "HTTP/1.1 200 OK"
2026-08-07 03:30:42,891 INFO HTTP Request: POST http://localhost:11435/api/chat "HTTP/1.1 200 OK"
2026-08-07 03:30:43,722 INFO HTTP Request: POST http://localhost:11435/api/chat "HTTP/1.1 200 OK"
2026-08-07 03:30:45,038 INFO HTTP Request: POST http://localhost:11435/api/chat "HTTP/1.1 200 OK"
2026-08-07 03:30:49,182 INFO HTTP Request: POST http://localhost:11435/api/chat "HTTP/1.1 200 OK"
2026-08-07 03:30:49,575 INFO HTTP Request: POST http://localhost:11435/api/chat "HTTP/1.1 200 OK"
2026-08-07 03:30:55,236 INFO HTTP Request: POST http://localhost:11435/api/chat "HTTP/1.1 200 OK"
2026-08-07 03:30:58,499 INFO [5/1150] mas:TXN-2025-001:t0-fixed:4 -> investigate (23.5s)
2026-08-07 03:30:59,066 INFO HTTP Request: POST http://localhost:11435/api/chat "HTTP/1.1 200 OK"
2026-08-07 03:31:01,143 INFO HTTP Request: POST http://localhost:11435/api/chat "HTTP/1.1 200 OK"
2026-08-07 03:31:03,428 INFO HTTP Request: POST http://localhost:11435/api/chat "HTTP/1.1 200 OK"
2026-08-07 03:31:05,946 INFO HTTP Request: POST http://localhost:11435/api/chat "HTTP/1.1 200 OK"
2026-08-07 03:31:10,580 INFO HTTP Request: POST http://localhost:11435/api/chat "HTTP/1.1 200 OK"
2026-08-07 03:31:14,375 INFO HTTP Request: POST http://localhost:11435/api/chat "HTTP/1.1 200 OK"
