2026-08-08 07:32:14,486 INFO HTTP Request: GET http://localhost:11435/api/tags "HTTP/1.1 200 OK"
2026-08-08 07:32:14,492 INFO HTTP Request: GET http://localhost:11435/api/version "HTTP/1.1 200 OK"
2026-08-08 07:32:14,493 INFO arm=mas planned=1150 completed=0 todo=1150
2026-08-08 07:32:19,647 INFO HTTP Request: POST http://localhost:11435/api/chat "HTTP/1.1 200 OK"
2026-08-08 07:32:19,675 INFO warm-up call discarded
2026-08-08 07:32:19,963 INFO HTTP Request: POST http://localhost:11435/api/chat "HTTP/1.1 200 OK"
2026-08-08 07:32:21,148 INFO HTTP Request: POST http://localhost:11435/api/chat "HTTP/1.1 200 OK"
2026-08-08 07:32:22,818 INFO HTTP Request: POST http://localhost:11435/api/chat "HTTP/1.1 200 OK"
2026-08-08 07:32:24,193 INFO HTTP Request: POST http://localhost:11435/api/chat "HTTP/1.1 200 OK"
2026-08-08 07:32:26,758 INFO HTTP Request: POST http://localhost:11435/api/chat "HTTP/1.1 200 OK"
2026-08-08 07:32:27,046 INFO HTTP Request: POST http://localhost:11435/api/chat "HTTP/1.1 200 OK"
2026-08-08 07:32:29,594 INFO HTTP Request: POST http://localhost:11435/api/chat "HTTP/1.1 200 OK"
2026-08-08 07:32:31,125 INFO [1/1150] mas:TXN-2025-001:t0-fixed:0 -> dismiss (11.4s)
2026-08-08 07:32:31,433 INFO HTTP Request: POST http://localhost:11435/api/chat "HTTP/1.1 200 OK"
2026-08-08 07:32:32,519 INFO HTTP Request: POST http://localhost:11435/api/chat "HTTP/1.1 200 OK"
2026-08-08 07:32:33,910 INFO HTTP Request: POST http://localhost:11435/api/chat "HTTP/1.1 200 OK"
2026-08-08 07:32:35,207 INFO HTTP Request: POST http://localhost:11435/api/chat "HTTP/1.1 200 OK"
2026-08-08 07:32:37,607 INFO HTTP Request: POST http://localhost:11435/api/chat "HTTP/1.1 200 OK"
2026-08-08 07:32:37,883 INFO HTTP Request: POST http://localhost:11435/api/chat "HTTP/1.1 200 OK"
2026-08-08 07:32:40,716 INFO HTTP Request: POST http://localhost:11435/api/chat "HTTP/1.1 200 OK"
2026-08-08 07:32:44,855 INFO [2/1150] mas:TXN-2025-001:t0-fixed:1 -> dismiss (13.7s)
2026-08-08 07:32:45,188 INFO HTTP Request: POST http://localhost:11435/api/chat "HTTP/1.1 200 OK"
2026-08-08 07:32:46,229 INFO HTTP Request: POST http://localhost:11435/api/chat "HTTP/1.1 200 OK"
2026-08-08 07:32:47,744 INFO HTTP Request: POST http://localhost:11435/api/chat "HTTP/1.1 200 OK"
2026-08-08 07:32:49,076 INFO HTTP Request: POST http://localhost:11435/api/chat "HTTP/1.1 200 OK"
2026-08-08 07:32:51,449 INFO HTTP Request: POST http://localhost:11435/api/chat "HTTP/1.1 200 OK"
2026-08-08 07:32:51,726 INFO HTTP Request: POST http://localhost:11435/api/chat "HTTP/1.1 200 OK"
2026-08-08 07:32:54,071 INFO HTTP Request: POST http://localhost:11435/api/chat "HTTP/1.1 200 OK"
2026-08-08 07:32:56,281 INFO [3/1150] mas:TXN-2025-001:t0-fixed:2 -> dismiss (11.4s)
2026-08-08 07:32:56,589 INFO HTTP Request: POST http://localhost:11435/api/chat "HTTP/1.1 200 OK"
2026-08-08 07:32:57,580 INFO HTTP Request: POST http://localhost:11435/api/chat "HTTP/1.1 200 OK"
2026-08-08 07:32:58,993 INFO HTTP Request: POST http://localhost:11435/api/chat "HTTP/1.1 200 OK"
2026-08-08 07:33:00,385 INFO HTTP Request: POST http://localhost:11435/api/chat "HTTP/1.1 200 OK"
2026-08-08 07:33:02,880 INFO HTTP Request: POST http://localhost:11435/api/chat "HTTP/1.1 200 OK"
2026-08-08 07:33:03,171 INFO HTTP Request: POST http://localhost:11435/api/chat "HTTP/1.1 200 OK"
2026-08-08 07:33:05,550 INFO HTTP Request: POST http://localhost:11435/api/chat "HTTP/1.1 200 OK"
2026-08-08 07:33:07,760 INFO [4/1150] mas:TXN-2025-001:t0-fixed:3 -> dismiss (11.5s)
2026-08-08 07:33:08,118 INFO HTTP Request: POST http://localhost:11435/api/chat "HTTP/1.1 200 OK"
2026-08-08 07:33:09,178 INFO HTTP Request: POST http://localhost:11435/api/chat "HTTP/1.1 200 OK"
2026-08-08 07:33:10,693 INFO HTTP Request: POST http://localhost:11435/api/chat "HTTP/1.1 200 OK"
2026-08-08 07:33:12,044 INFO HTTP Request: POST http://localhost:11435/api/chat "HTTP/1.1 200 OK"
2026-08-08 07:33:14,472 INFO HTTP Request: POST http://localhost:11435/api/chat "HTTP/1.1 200 OK"
2026-08-08 07:33:14,737 INFO HTTP Request: POST http://localhost:11435/api/chat "HTTP/1.1 200 OK"
2026-08-08 07:33:17,163 INFO HTTP Request: POST http://localhost:11435/api/chat "HTTP/1.1 200 OK"
2026-08-08 07:33:19,416 INFO [5/1150] mas:TXN-2025-001:t0-fixed:4 -> dismiss (11.6s)
2026-08-08 07:33:19,746 INFO HTTP Request: POST http://localhost:11435/api/chat "HTTP/1.1 200 OK"
2026-08-08 07:33:21,221 INFO HTTP Request: POST http://localhost:11435/api/chat "HTTP/1.1 200 OK"
2026-08-08 07:33:22,340 INFO HTTP Request: POST http://localhost:11435/api/chat "HTTP/1.1 200 OK"
2026-08-08 07:33:23,241 INFO HTTP Request: POST http://localhost:11435/api/chat "HTTP/1.1 200 OK"
2026-08-08 07:33:25,152 INFO HTTP Request: POST http://localhost:11435/api/chat "HTTP/1.1 200 OK"
2026-08-08 07:33:25,432 INFO HTTP Request: POST http://localhost:11435/api/chat "HTTP/1.1 200 OK"
2026-08-08 07:33:28,150 INFO HTTP Request: POST http://localhost:11435/api/chat "HTTP/1.1 200 OK"
