2026-08-07 16:45:49,804 INFO HTTP Request: GET http://localhost:11435/api/tags "HTTP/1.1 200 OK"
2026-08-07 16:45:49,813 INFO HTTP Request: GET http://localhost:11435/api/version "HTTP/1.1 200 OK"
2026-08-07 16:45:49,814 INFO arm=mas planned=1150 completed=0 todo=1150
2026-08-07 16:46:15,504 INFO HTTP Request: POST http://localhost:11435/api/chat "HTTP/1.1 200 OK"
2026-08-07 16:46:15,555 INFO warm-up call discarded
2026-08-07 16:46:16,349 INFO HTTP Request: POST http://localhost:11435/api/chat "HTTP/1.1 200 OK"
2026-08-07 16:46:24,492 INFO HTTP Request: POST http://localhost:11435/api/chat "HTTP/1.1 200 OK"
2026-08-07 16:46:29,602 INFO HTTP Request: POST http://localhost:11435/api/chat "HTTP/1.1 200 OK"
2026-08-07 16:46:35,461 INFO HTTP Request: POST http://localhost:11435/api/chat "HTTP/1.1 200 OK"
2026-08-07 16:46:42,512 INFO HTTP Request: POST http://localhost:11435/api/chat "HTTP/1.1 200 OK"
2026-08-07 16:46:52,400 INFO HTTP Request: POST http://localhost:11435/api/chat "HTTP/1.1 200 OK"
2026-08-07 16:47:00,613 INFO [1/1150] mas:TXN-2025-001:t0-fixed:0 -> investigate (45.0s)
2026-08-07 16:47:01,332 INFO HTTP Request: POST http://localhost:11435/api/chat "HTTP/1.1 200 OK"
2026-08-07 16:47:09,551 INFO HTTP Request: POST http://localhost:11435/api/chat "HTTP/1.1 200 OK"
2026-08-07 16:47:14,680 INFO HTTP Request: POST http://localhost:11435/api/chat "HTTP/1.1 200 OK"
2026-08-07 16:47:21,249 INFO HTTP Request: POST http://localhost:11435/api/chat "HTTP/1.1 200 OK"
2026-08-07 16:47:29,653 INFO HTTP Request: POST http://localhost:11435/api/chat "HTTP/1.1 200 OK"
2026-08-07 16:47:40,170 INFO HTTP Request: POST http://localhost:11435/api/chat "HTTP/1.1 200 OK"
2026-08-07 16:47:48,340 INFO [2/1150] mas:TXN-2025-001:t0-fixed:1 -> investigate (47.7s)
2026-08-07 16:47:49,057 INFO HTTP Request: POST http://localhost:11435/api/chat "HTTP/1.1 200 OK"
2026-08-07 16:47:57,131 INFO HTTP Request: POST http://localhost:11435/api/chat "HTTP/1.1 200 OK"
2026-08-07 16:48:02,234 INFO HTTP Request: POST http://localhost:11435/api/chat "HTTP/1.1 200 OK"
2026-08-07 16:48:08,815 INFO HTTP Request: POST http://localhost:11435/api/chat "HTTP/1.1 200 OK"
2026-08-07 16:48:17,743 INFO HTTP Request: POST http://localhost:11435/api/chat "HTTP/1.1 200 OK"
2026-08-07 16:48:28,224 INFO HTTP Request: POST http://localhost:11435/api/chat "HTTP/1.1 200 OK"
2026-08-07 16:48:35,385 INFO [3/1150] mas:TXN-2025-001:t0-fixed:2 -> investigate (47.0s)
2026-08-07 16:48:36,072 INFO HTTP Request: POST http://localhost:11435/api/chat "HTTP/1.1 200 OK"
2026-08-07 16:48:44,153 INFO HTTP Request: POST http://localhost:11435/api/chat "HTTP/1.1 200 OK"
2026-08-07 16:48:49,460 INFO HTTP Request: POST http://localhost:11435/api/chat "HTTP/1.1 200 OK"
2026-08-07 16:48:55,879 INFO HTTP Request: POST http://localhost:11435/api/chat "HTTP/1.1 200 OK"
2026-08-07 16:49:05,243 INFO HTTP Request: POST http://localhost:11435/api/chat "HTTP/1.1 200 OK"
2026-08-07 16:49:16,384 INFO HTTP Request: POST http://localhost:11435/api/chat "HTTP/1.1 200 OK"
2026-08-07 16:49:25,061 INFO [4/1150] mas:TXN-2025-001:t0-fixed:3 -> investigate (49.7s)
2026-08-07 16:49:25,728 INFO HTTP Request: POST http://localhost:11435/api/chat "HTTP/1.1 200 OK"
2026-08-07 16:49:33,777 INFO HTTP Request: POST http://localhost:11435/api/chat "HTTP/1.1 200 OK"
2026-08-07 16:49:39,176 INFO HTTP Request: POST http://localhost:11435/api/chat "HTTP/1.1 200 OK"
2026-08-07 16:49:45,715 INFO HTTP Request: POST http://localhost:11435/api/chat "HTTP/1.1 200 OK"
2026-08-07 16:49:54,671 INFO HTTP Request: POST http://localhost:11435/api/chat "HTTP/1.1 200 OK"
2026-08-07 16:50:05,276 INFO HTTP Request: POST http://localhost:11435/api/chat "HTTP/1.1 200 OK"
2026-08-07 16:50:13,433 INFO [5/1150] mas:TXN-2025-001:t0-fixed:4 -> investigate (48.4s)
2026-08-07 16:50:14,041 INFO HTTP Request: POST http://localhost:11435/api/chat "HTTP/1.1 200 OK"
2026-08-07 16:50:23,133 INFO HTTP Request: POST http://localhost:11435/api/chat "HTTP/1.1 200 OK"
2026-08-07 16:50:30,266 INFO HTTP Request: POST http://localhost:11435/api/chat "HTTP/1.1 200 OK"
2026-08-07 16:50:36,091 INFO HTTP Request: POST http://localhost:11435/api/chat "HTTP/1.1 200 OK"
2026-08-07 16:50:43,054 INFO HTTP Request: POST http://localhost:11435/api/chat "HTTP/1.1 200 OK"
2026-08-07 16:50:50,498 INFO HTTP Request: POST http://localhost:11435/api/chat "HTTP/1.1 200 OK"
2026-08-07 16:50:56,781 INFO [6/1150] mas:TXN-2025-002:t0-fixed:0 -> escalate (43.3s)
2026-08-07 16:50:57,558 INFO HTTP Request: POST http://localhost:11435/api/chat "HTTP/1.1 200 OK"
2026-08-07 16:51:06,378 INFO HTTP Request: POST http://localhost:11435/api/chat "HTTP/1.1 200 OK"
2026-08-07 16:51:13,531 INFO HTTP Request: POST http://localhost:11435/api/chat "HTTP/1.1 200 OK"
2026-08-07 16:51:19,475 INFO HTTP Request: POST http://localhost:11435/api/chat "HTTP/1.1 200 OK"
2026-08-07 16:51:25,232 INFO HTTP Request: POST http://localhost:11435/api/chat "HTTP/1.1 200 OK"
2026-08-07 16:51:32,190 INFO HTTP Request: POST http://localhost:11435/api/chat "HTTP/1.1 200 OK"
2026-08-07 16:51:37,921 INFO [7/1150] mas:TXN-2025-002:t0-fixed:1 -> escalate (41.1s)
2026-08-07 16:51:38,659 INFO HTTP Request: POST http://localhost:11435/api/chat "HTTP/1.1 200 OK"
2026-08-07 16:51:47,534 INFO HTTP Request: POST http://localhost:11435/api/chat "HTTP/1.1 200 OK"
2026-08-07 16:51:54,892 INFO HTTP Request: POST http://localhost:11435/api/chat "HTTP/1.1 200 OK"
2026-08-07 16:52:00,789 INFO HTTP Request: POST http://localhost:11435/api/chat "HTTP/1.1 200 OK"
2026-08-07 16:52:06,430 INFO HTTP Request: POST http://localhost:11435/api/chat "HTTP/1.1 200 OK"
2026-08-07 16:52:14,569 INFO HTTP Request: POST http://localhost:11435/api/chat "HTTP/1.1 200 OK"
2026-08-07 16:52:21,048 INFO [8/1150] mas:TXN-2025-002:t0-fixed:2 -> escalate (43.1s)
2026-08-07 16:52:21,777 INFO HTTP Request: POST http://localhost:11435/api/chat "HTTP/1.1 200 OK"
2026-08-07 16:52:30,668 INFO HTTP Request: POST http://localhost:11435/api/chat "HTTP/1.1 200 OK"
2026-08-07 16:52:37,854 INFO HTTP Request: POST http://localhost:11435/api/chat "HTTP/1.1 200 OK"
2026-08-07 16:52:43,562 INFO HTTP Request: POST http://localhost:11435/api/chat "HTTP/1.1 200 OK"
2026-08-07 16:52:49,648 INFO HTTP Request: POST http://localhost:11435/api/chat "HTTP/1.1 200 OK"
2026-08-07 16:52:57,169 INFO HTTP Request: POST http://localhost:11435/api/chat "HTTP/1.1 200 OK"
2026-08-07 16:53:03,532 INFO [9/1150] mas:TXN-2025-002:t0-fixed:3 -> escalate (42.5s)
2026-08-07 16:53:04,199 INFO HTTP Request: POST http://localhost:11435/api/chat "HTTP/1.1 200 OK"
2026-08-07 16:53:13,124 INFO HTTP Request: POST http://localhost:11435/api/chat "HTTP/1.1 200 OK"
2026-08-07 16:53:20,344 INFO HTTP Request: POST http://localhost:11435/api/chat "HTTP/1.1 200 OK"
2026-08-07 16:53:26,078 INFO HTTP Request: POST http://localhost:11435/api/chat "HTTP/1.1 200 OK"
2026-08-07 16:53:32,027 INFO HTTP Request: POST http://localhost:11435/api/chat "HTTP/1.1 200 OK"
2026-08-07 16:53:39,636 INFO HTTP Request: POST http://localhost:11435/api/chat "HTTP/1.1 200 OK"
2026-08-07 16:53:45,892 INFO [10/1150] mas:TXN-2025-002:t0-fixed:4 -> escalate (42.4s)
2026-08-07 16:53:46,538 INFO HTTP Request: POST http://localhost:11435/api/chat "HTTP/1.1 200 OK"
2026-08-07 16:53:54,818 INFO HTTP Request: POST http://localhost:11435/api/chat "HTTP/1.1 200 OK"
2026-08-07 16:54:01,810 INFO HTTP Request: POST http://localhost:11435/api/chat "HTTP/1.1 200 OK"
2026-08-07 16:54:07,928 INFO HTTP Request: POST http://localhost:11435/api/chat "HTTP/1.1 200 OK"
2026-08-07 16:54:16,845 INFO HTTP Request: POST http://localhost:11435/api/chat "HTTP/1.1 200 OK"
