2026-08-07 15:34:41,736 INFO HTTP Request: GET http://localhost:11437/api/tags "HTTP/1.1 200 OK"
2026-08-07 15:34:41,743 INFO HTTP Request: GET http://localhost:11437/api/version "HTTP/1.1 200 OK"
2026-08-07 15:34:41,743 INFO arm=single planned=1150 completed=0 todo=1150
2026-08-07 15:34:48,921 INFO HTTP Request: POST http://localhost:11437/api/chat "HTTP/1.1 200 OK"
2026-08-07 15:34:48,957 INFO warm-up call discarded
2026-08-07 15:34:49,692 INFO HTTP Request: POST http://localhost:11437/api/chat "HTTP/1.1 200 OK"
2026-08-07 15:34:52,977 INFO HTTP Request: POST http://localhost:11437/api/chat "HTTP/1.1 200 OK"
2026-08-07 15:35:00,952 INFO HTTP Request: POST http://localhost:11437/api/chat "HTTP/1.1 200 OK"
2026-08-07 15:35:09,585 INFO HTTP Request: POST http://localhost:11437/api/chat "HTTP/1.1 200 OK"
2026-08-07 15:35:16,985 INFO [1/1150] single:TXN-2025-001:t0-fixed:0 -> investigate (28.0s)
2026-08-07 15:35:17,734 INFO HTTP Request: POST http://localhost:11437/api/chat "HTTP/1.1 200 OK"
2026-08-07 15:35:20,958 INFO HTTP Request: POST http://localhost:11437/api/chat "HTTP/1.1 200 OK"
2026-08-07 15:35:25,317 INFO HTTP Request: POST http://localhost:11437/api/chat "HTTP/1.1 200 OK"
2026-08-07 15:35:28,928 INFO HTTP Request: POST http://localhost:11437/api/chat "HTTP/1.1 200 OK"
2026-08-07 15:35:37,873 INFO HTTP Request: POST http://localhost:11437/api/chat "HTTP/1.1 200 OK"
2026-08-07 15:35:45,355 INFO [2/1150] single:TXN-2025-001:t0-fixed:1 -> investigate (28.4s)
2026-08-07 15:35:46,094 INFO HTTP Request: POST http://localhost:11437/api/chat "HTTP/1.1 200 OK"
2026-08-07 15:35:50,800 INFO HTTP Request: POST http://localhost:11437/api/chat "HTTP/1.1 200 OK"
2026-08-07 15:35:54,956 INFO HTTP Request: POST http://localhost:11437/api/chat "HTTP/1.1 200 OK"
2026-08-07 15:35:58,014 INFO HTTP Request: POST http://localhost:11437/api/chat "HTTP/1.1 200 OK"
2026-08-07 15:36:05,348 INFO HTTP Request: POST http://localhost:11437/api/chat "HTTP/1.1 200 OK"
2026-08-07 15:36:13,891 INFO [3/1150] single:TXN-2025-001:t0-fixed:2 -> investigate (28.5s)
2026-08-07 15:36:14,597 INFO HTTP Request: POST http://localhost:11437/api/chat "HTTP/1.1 200 OK"
2026-08-07 15:36:19,470 INFO HTTP Request: POST http://localhost:11437/api/chat "HTTP/1.1 200 OK"
2026-08-07 15:36:23,567 INFO HTTP Request: POST http://localhost:11437/api/chat "HTTP/1.1 200 OK"
2026-08-07 15:36:26,734 INFO HTTP Request: POST http://localhost:11437/api/chat "HTTP/1.1 200 OK"
2026-08-07 15:36:34,102 INFO HTTP Request: POST http://localhost:11437/api/chat "HTTP/1.1 200 OK"
2026-08-07 15:36:42,469 INFO [4/1150] single:TXN-2025-001:t0-fixed:3 -> investigate (28.6s)
2026-08-07 15:36:43,113 INFO HTTP Request: POST http://localhost:11437/api/chat "HTTP/1.1 200 OK"
2026-08-07 15:36:47,704 INFO HTTP Request: POST http://localhost:11437/api/chat "HTTP/1.1 200 OK"
2026-08-07 15:36:51,898 INFO HTTP Request: POST http://localhost:11437/api/chat "HTTP/1.1 200 OK"
2026-08-07 15:36:54,835 INFO HTTP Request: POST http://localhost:11437/api/chat "HTTP/1.1 200 OK"
2026-08-07 15:37:02,231 INFO HTTP Request: POST http://localhost:11437/api/chat "HTTP/1.1 200 OK"
2026-08-07 15:37:10,441 INFO [5/1150] single:TXN-2025-001:t0-fixed:4 -> investigate (28.0s)
2026-08-07 15:37:11,201 INFO HTTP Request: POST http://localhost:11437/api/chat "HTTP/1.1 200 OK"
2026-08-07 15:37:15,076 INFO HTTP Request: POST http://localhost:11437/api/chat "HTTP/1.1 200 OK"
2026-08-07 15:37:19,617 INFO HTTP Request: POST http://localhost:11437/api/chat "HTTP/1.1 200 OK"
2026-08-07 15:37:25,472 INFO [6/1150] single:TXN-2025-002:t0-fixed:0 -> escalate (15.0s)
2026-08-07 15:37:26,103 INFO HTTP Request: POST http://localhost:11437/api/chat "HTTP/1.1 200 OK"
2026-08-07 15:37:31,327 INFO HTTP Request: POST http://localhost:11437/api/chat "HTTP/1.1 200 OK"
2026-08-07 15:37:35,970 INFO HTTP Request: POST http://localhost:11437/api/chat "HTTP/1.1 200 OK"
2026-08-07 15:37:42,101 INFO [7/1150] single:TXN-2025-002:t0-fixed:1 -> escalate (16.6s)
2026-08-07 15:37:42,823 INFO HTTP Request: POST http://localhost:11437/api/chat "HTTP/1.1 200 OK"
2026-08-07 15:37:48,397 INFO HTTP Request: POST http://localhost:11437/api/chat "HTTP/1.1 200 OK"
2026-08-07 15:37:52,707 INFO HTTP Request: POST http://localhost:11437/api/chat "HTTP/1.1 200 OK"
2026-08-07 15:37:59,028 INFO [8/1150] single:TXN-2025-002:t0-fixed:2 -> escalate (16.9s)
2026-08-07 15:37:59,624 INFO HTTP Request: POST http://localhost:11437/api/chat "HTTP/1.1 200 OK"
2026-08-07 15:38:04,872 INFO HTTP Request: POST http://localhost:11437/api/chat "HTTP/1.1 200 OK"
2026-08-07 15:38:09,666 INFO HTTP Request: POST http://localhost:11437/api/chat "HTTP/1.1 200 OK"
2026-08-07 15:38:15,915 INFO [9/1150] single:TXN-2025-002:t0-fixed:3 -> escalate (16.9s)
2026-08-07 15:38:16,574 INFO HTTP Request: POST http://localhost:11437/api/chat "HTTP/1.1 200 OK"
2026-08-07 15:38:21,849 INFO HTTP Request: POST http://localhost:11437/api/chat "HTTP/1.1 200 OK"
2026-08-07 15:38:26,537 INFO HTTP Request: POST http://localhost:11437/api/chat "HTTP/1.1 200 OK"
2026-08-07 15:38:32,875 INFO [10/1150] single:TXN-2025-002:t0-fixed:4 -> escalate (16.9s)
2026-08-07 15:38:33,679 INFO HTTP Request: POST http://localhost:11437/api/chat "HTTP/1.1 200 OK"
2026-08-07 15:38:37,995 INFO HTTP Request: POST http://localhost:11437/api/chat "HTTP/1.1 200 OK"
2026-08-07 15:38:45,632 INFO [11/1150] single:TXN-2025-003:t0-fixed:0 -> dismiss (12.7s)
2026-08-07 15:38:46,500 INFO HTTP Request: POST http://localhost:11437/api/chat "HTTP/1.1 200 OK"
2026-08-07 15:38:50,982 INFO HTTP Request: POST http://localhost:11437/api/chat "HTTP/1.1 200 OK"
2026-08-07 15:39:00,844 INFO [12/1150] single:TXN-2025-003:t0-fixed:1 -> dismiss (15.2s)
2026-08-07 15:39:01,550 INFO HTTP Request: POST http://localhost:11437/api/chat "HTTP/1.1 200 OK"
2026-08-07 15:39:05,848 INFO HTTP Request: POST http://localhost:11437/api/chat "HTTP/1.1 200 OK"
2026-08-07 15:39:11,513 INFO [13/1150] single:TXN-2025-003:t0-fixed:2 -> dismiss (10.7s)
2026-08-07 15:39:12,219 INFO HTTP Request: POST http://localhost:11437/api/chat "HTTP/1.1 200 OK"
2026-08-07 15:39:16,365 INFO HTTP Request: POST http://localhost:11437/api/chat "HTTP/1.1 200 OK"
2026-08-07 15:39:23,625 INFO [14/1150] single:TXN-2025-003:t0-fixed:3 -> dismiss (12.1s)
2026-08-07 15:39:24,382 INFO HTTP Request: POST http://localhost:11437/api/chat "HTTP/1.1 200 OK"
2026-08-07 15:39:28,821 INFO HTTP Request: POST http://localhost:11437/api/chat "HTTP/1.1 200 OK"
2026-08-07 15:39:34,227 INFO HTTP Request: POST http://localhost:11437/api/chat "HTTP/1.1 200 OK"
