2026-08-07 15:34:41,741 INFO HTTP Request: GET http://localhost:11435/api/tags "HTTP/1.1 200 OK"
2026-08-07 15:34:41,751 INFO HTTP Request: GET http://localhost:11435/api/version "HTTP/1.1 200 OK"
2026-08-07 15:34:41,752 INFO arm=mas planned=1150 completed=0 todo=1150
2026-08-07 15:34:48,929 INFO HTTP Request: POST http://localhost:11435/api/chat "HTTP/1.1 200 OK"
2026-08-07 15:34:48,977 INFO warm-up call discarded
2026-08-07 15:34:49,734 INFO HTTP Request: POST http://localhost:11435/api/chat "HTTP/1.1 200 OK"
2026-08-07 15:34:57,988 INFO HTTP Request: POST http://localhost:11435/api/chat "HTTP/1.1 200 OK"
2026-08-07 15:35:03,260 INFO HTTP Request: POST http://localhost:11435/api/chat "HTTP/1.1 200 OK"
2026-08-07 15:35:09,134 INFO HTTP Request: POST http://localhost:11435/api/chat "HTTP/1.1 200 OK"
2026-08-07 15:35:16,285 INFO HTTP Request: POST http://localhost:11435/api/chat "HTTP/1.1 200 OK"
2026-08-07 15:35:26,347 INFO HTTP Request: POST http://localhost:11435/api/chat "HTTP/1.1 200 OK"
2026-08-07 15:35:34,605 INFO [1/1150] mas:TXN-2025-001:t0-fixed:0 -> investigate (45.6s)
2026-08-07 15:35:35,298 INFO HTTP Request: POST http://localhost:11435/api/chat "HTTP/1.1 200 OK"
2026-08-07 15:35:43,543 INFO HTTP Request: POST http://localhost:11435/api/chat "HTTP/1.1 200 OK"
2026-08-07 15:35:48,743 INFO HTTP Request: POST http://localhost:11435/api/chat "HTTP/1.1 200 OK"
2026-08-07 15:35:55,446 INFO HTTP Request: POST http://localhost:11435/api/chat "HTTP/1.1 200 OK"
2026-08-07 15:36:03,965 INFO HTTP Request: POST http://localhost:11435/api/chat "HTTP/1.1 200 OK"
2026-08-07 15:36:14,846 INFO HTTP Request: POST http://localhost:11435/api/chat "HTTP/1.1 200 OK"
2026-08-07 15:36:22,965 INFO [2/1150] mas:TXN-2025-001:t0-fixed:1 -> investigate (48.4s)
2026-08-07 15:36:23,700 INFO HTTP Request: POST http://localhost:11435/api/chat "HTTP/1.1 200 OK"
2026-08-07 15:36:31,931 INFO HTTP Request: POST http://localhost:11435/api/chat "HTTP/1.1 200 OK"
2026-08-07 15:36:37,243 INFO HTTP Request: POST http://localhost:11435/api/chat "HTTP/1.1 200 OK"
2026-08-07 15:36:43,829 INFO HTTP Request: POST http://localhost:11435/api/chat "HTTP/1.1 200 OK"
2026-08-07 15:36:52,659 INFO HTTP Request: POST http://localhost:11435/api/chat "HTTP/1.1 200 OK"
2026-08-07 15:37:03,316 INFO HTTP Request: POST http://localhost:11435/api/chat "HTTP/1.1 200 OK"
2026-08-07 15:37:10,536 INFO [3/1150] mas:TXN-2025-001:t0-fixed:2 -> investigate (47.6s)
2026-08-07 15:37:11,234 INFO HTTP Request: POST http://localhost:11435/api/chat "HTTP/1.1 200 OK"
2026-08-07 15:37:19,263 INFO HTTP Request: POST http://localhost:11435/api/chat "HTTP/1.1 200 OK"
2026-08-07 15:37:24,574 INFO HTTP Request: POST http://localhost:11435/api/chat "HTTP/1.1 200 OK"
2026-08-07 15:37:31,058 INFO HTTP Request: POST http://localhost:11435/api/chat "HTTP/1.1 200 OK"
2026-08-07 15:37:40,649 INFO HTTP Request: POST http://localhost:11435/api/chat "HTTP/1.1 200 OK"
2026-08-07 15:37:52,134 INFO HTTP Request: POST http://localhost:11435/api/chat "HTTP/1.1 200 OK"
2026-08-07 15:38:00,752 INFO [4/1150] mas:TXN-2025-001:t0-fixed:3 -> investigate (50.2s)
2026-08-07 15:38:01,471 INFO HTTP Request: POST http://localhost:11435/api/chat "HTTP/1.1 200 OK"
2026-08-07 15:38:09,670 INFO HTTP Request: POST http://localhost:11435/api/chat "HTTP/1.1 200 OK"
2026-08-07 15:38:15,335 INFO HTTP Request: POST http://localhost:11435/api/chat "HTTP/1.1 200 OK"
2026-08-07 15:38:21,799 INFO HTTP Request: POST http://localhost:11435/api/chat "HTTP/1.1 200 OK"
2026-08-07 15:38:31,034 INFO HTTP Request: POST http://localhost:11435/api/chat "HTTP/1.1 200 OK"
2026-08-07 15:38:41,817 INFO HTTP Request: POST http://localhost:11435/api/chat "HTTP/1.1 200 OK"
2026-08-07 15:38:50,090 INFO [5/1150] mas:TXN-2025-001:t0-fixed:4 -> investigate (49.3s)
2026-08-07 15:38:50,815 INFO HTTP Request: POST http://localhost:11435/api/chat "HTTP/1.1 200 OK"
2026-08-07 15:39:00,020 INFO HTTP Request: POST http://localhost:11435/api/chat "HTTP/1.1 200 OK"
2026-08-07 15:39:07,295 INFO HTTP Request: POST http://localhost:11435/api/chat "HTTP/1.1 200 OK"
2026-08-07 15:39:13,249 INFO HTTP Request: POST http://localhost:11435/api/chat "HTTP/1.1 200 OK"
2026-08-07 15:39:20,255 INFO HTTP Request: POST http://localhost:11435/api/chat "HTTP/1.1 200 OK"
2026-08-07 15:39:27,788 INFO HTTP Request: POST http://localhost:11435/api/chat "HTTP/1.1 200 OK"
2026-08-07 15:39:34,140 INFO [6/1150] mas:TXN-2025-002:t0-fixed:0 -> escalate (44.0s)
2026-08-07 15:39:34,887 INFO HTTP Request: POST http://localhost:11435/api/chat "HTTP/1.1 200 OK"
