2026-08-10 15:18:08,938 INFO HTTP Request: GET http://localhost:11435/api/tags "HTTP/1.1 200 OK"
2026-08-10 15:18:08,944 INFO HTTP Request: GET http://localhost:11435/api/version "HTTP/1.1 200 OK"
2026-08-10 15:18:08,944 INFO arm=mas planned=1150 completed=0 todo=1150
2026-08-10 15:18:24,582 INFO HTTP Request: POST http://localhost:11435/api/chat "HTTP/1.1 200 OK"
2026-08-10 15:18:24,615 INFO warm-up call discarded
2026-08-10 15:18:25,533 INFO HTTP Request: POST http://localhost:11435/api/chat "HTTP/1.1 200 OK"
2026-08-10 15:18:29,503 INFO HTTP Request: POST http://localhost:11435/api/chat "HTTP/1.1 200 OK"
2026-08-10 15:18:31,435 INFO HTTP Request: POST http://localhost:11435/api/chat "HTTP/1.1 200 OK"
2026-08-10 15:18:36,111 INFO HTTP Request: POST http://localhost:11435/api/chat "HTTP/1.1 200 OK"
2026-08-10 15:18:36,687 INFO HTTP Request: POST http://localhost:11435/api/chat "HTTP/1.1 200 OK"
2026-08-10 15:18:44,028 INFO HTTP Request: POST http://localhost:11435/api/chat "HTTP/1.1 200 OK"
2026-08-10 15:18:46,614 INFO [1/1150] mas:TXN-2025-001:t0-fixed:0 -> investigate (22.0s)
2026-08-10 15:18:47,300 INFO HTTP Request: POST http://localhost:11435/api/chat "HTTP/1.1 200 OK"
2026-08-10 15:18:50,824 INFO HTTP Request: POST http://localhost:11435/api/chat "HTTP/1.1 200 OK"
2026-08-10 15:18:53,006 INFO HTTP Request: POST http://localhost:11435/api/chat "HTTP/1.1 200 OK"
2026-08-10 15:18:56,960 INFO HTTP Request: POST http://localhost:11435/api/chat "HTTP/1.1 200 OK"
2026-08-10 15:18:57,520 INFO HTTP Request: POST http://localhost:11435/api/chat "HTTP/1.1 200 OK"
2026-08-10 15:19:04,984 INFO HTTP Request: POST http://localhost:11435/api/chat "HTTP/1.1 200 OK"
2026-08-10 15:19:07,474 INFO [2/1150] mas:TXN-2025-001:t0-fixed:1 -> investigate (20.9s)
2026-08-10 15:19:08,187 INFO HTTP Request: POST http://localhost:11435/api/chat "HTTP/1.1 200 OK"
2026-08-10 15:19:11,965 INFO HTTP Request: POST http://localhost:11435/api/chat "HTTP/1.1 200 OK"
2026-08-10 15:19:14,090 INFO HTTP Request: POST http://localhost:11435/api/chat "HTTP/1.1 200 OK"
2026-08-10 15:19:18,460 INFO HTTP Request: POST http://localhost:11435/api/chat "HTTP/1.1 200 OK"
2026-08-10 15:19:19,085 INFO HTTP Request: POST http://localhost:11435/api/chat "HTTP/1.1 200 OK"
2026-08-10 15:19:26,274 INFO HTTP Request: POST http://localhost:11435/api/chat "HTTP/1.1 200 OK"
2026-08-10 15:19:28,984 INFO [3/1150] mas:TXN-2025-001:t0-fixed:2 -> investigate (21.5s)
2026-08-10 15:19:29,643 INFO HTTP Request: POST http://localhost:11435/api/chat "HTTP/1.1 200 OK"
2026-08-10 15:19:33,136 INFO HTTP Request: POST http://localhost:11435/api/chat "HTTP/1.1 200 OK"
2026-08-10 15:19:35,389 INFO HTTP Request: POST http://localhost:11435/api/chat "HTTP/1.1 200 OK"
2026-08-10 15:19:39,298 INFO HTTP Request: POST http://localhost:11435/api/chat "HTTP/1.1 200 OK"
2026-08-10 15:19:39,896 INFO HTTP Request: POST http://localhost:11435/api/chat "HTTP/1.1 200 OK"
2026-08-10 15:19:46,486 INFO HTTP Request: POST http://localhost:11435/api/chat "HTTP/1.1 200 OK"
2026-08-10 15:19:48,999 INFO [4/1150] mas:TXN-2025-001:t0-fixed:3 -> investigate (20.0s)
2026-08-10 15:19:49,661 INFO HTTP Request: POST http://localhost:11435/api/chat "HTTP/1.1 200 OK"
2026-08-10 15:19:53,278 INFO HTTP Request: POST http://localhost:11435/api/chat "HTTP/1.1 200 OK"
2026-08-10 15:19:55,113 INFO HTTP Request: POST http://localhost:11435/api/chat "HTTP/1.1 200 OK"
2026-08-10 15:19:59,091 INFO HTTP Request: POST http://localhost:11435/api/chat "HTTP/1.1 200 OK"
2026-08-10 15:19:59,639 INFO HTTP Request: POST http://localhost:11435/api/chat "HTTP/1.1 200 OK"
2026-08-10 15:20:06,336 INFO HTTP Request: POST http://localhost:11435/api/chat "HTTP/1.1 200 OK"
2026-08-10 15:20:08,847 INFO [5/1150] mas:TXN-2025-001:t0-fixed:4 -> investigate (19.8s)
2026-08-10 15:20:09,507 INFO HTTP Request: POST http://localhost:11435/api/chat "HTTP/1.1 200 OK"
2026-08-10 15:20:12,509 INFO HTTP Request: POST http://localhost:11435/api/chat "HTTP/1.1 200 OK"
2026-08-10 15:20:14,198 INFO HTTP Request: POST http://localhost:11435/api/chat "HTTP/1.1 200 OK"
2026-08-10 15:20:17,755 INFO HTTP Request: POST http://localhost:11435/api/chat "HTTP/1.1 200 OK"
2026-08-10 15:20:18,313 INFO HTTP Request: POST http://localhost:11435/api/chat "HTTP/1.1 200 OK"
2026-08-10 15:20:23,152 INFO HTTP Request: POST http://localhost:11435/api/chat "HTTP/1.1 200 OK"
2026-08-10 15:20:25,650 INFO [6/1150] mas:TXN-2025-002:t0-fixed:0 -> escalate (16.8s)
2026-08-10 15:20:26,374 INFO HTTP Request: POST http://localhost:11435/api/chat "HTTP/1.1 200 OK"
2026-08-10 15:20:29,144 INFO HTTP Request: POST http://localhost:11435/api/chat "HTTP/1.1 200 OK"
2026-08-10 15:20:30,922 INFO HTTP Request: POST http://localhost:11435/api/chat "HTTP/1.1 200 OK"
2026-08-10 15:20:34,117 INFO HTTP Request: POST http://localhost:11435/api/chat "HTTP/1.1 200 OK"
2026-08-10 15:20:34,673 INFO HTTP Request: POST http://localhost:11435/api/chat "HTTP/1.1 200 OK"
2026-08-10 15:20:39,759 INFO HTTP Request: POST http://localhost:11435/api/chat "HTTP/1.1 200 OK"
2026-08-10 15:20:42,242 INFO [7/1150] mas:TXN-2025-002:t0-fixed:1 -> escalate (16.6s)
2026-08-10 15:20:42,948 INFO HTTP Request: POST http://localhost:11435/api/chat "HTTP/1.1 200 OK"
2026-08-10 15:20:45,942 INFO HTTP Request: POST http://localhost:11435/api/chat "HTTP/1.1 200 OK"
2026-08-10 15:20:47,573 INFO HTTP Request: POST http://localhost:11435/api/chat "HTTP/1.1 200 OK"
2026-08-10 15:20:50,988 INFO HTTP Request: POST http://localhost:11435/api/chat "HTTP/1.1 200 OK"
2026-08-10 15:20:51,549 INFO HTTP Request: POST http://localhost:11435/api/chat "HTTP/1.1 200 OK"
2026-08-10 15:20:56,084 INFO HTTP Request: POST http://localhost:11435/api/chat "HTTP/1.1 200 OK"
2026-08-10 15:20:58,853 INFO [8/1150] mas:TXN-2025-002:t0-fixed:2 -> escalate (16.6s)
2026-08-10 15:20:59,507 INFO HTTP Request: POST http://localhost:11435/api/chat "HTTP/1.1 200 OK"
2026-08-10 15:21:02,531 INFO HTTP Request: POST http://localhost:11435/api/chat "HTTP/1.1 200 OK"
2026-08-10 15:21:04,322 INFO HTTP Request: POST http://localhost:11435/api/chat "HTTP/1.1 200 OK"
2026-08-10 15:21:07,519 INFO HTTP Request: POST http://localhost:11435/api/chat "HTTP/1.1 200 OK"
2026-08-10 15:21:08,065 INFO HTTP Request: POST http://localhost:11435/api/chat "HTTP/1.1 200 OK"
