2026-08-10 15:18:08,878 INFO HTTP Request: GET http://localhost:11437/api/tags "HTTP/1.1 200 OK"
2026-08-10 15:18:08,883 INFO HTTP Request: GET http://localhost:11437/api/version "HTTP/1.1 200 OK"
2026-08-10 15:18:08,884 INFO arm=single planned=1150 completed=0 todo=1150
2026-08-10 15:18:24,598 INFO HTTP Request: POST http://localhost:11437/api/chat "HTTP/1.1 200 OK"
2026-08-10 15:18:24,637 INFO warm-up call discarded
2026-08-10 15:18:25,965 INFO HTTP Request: POST http://localhost:11437/api/chat "HTTP/1.1 200 OK"
2026-08-10 15:18:28,745 INFO HTTP Request: POST http://localhost:11437/api/chat "HTTP/1.1 200 OK"
2026-08-10 15:18:29,831 INFO HTTP Request: POST http://localhost:11437/api/chat "HTTP/1.1 200 OK"
2026-08-10 15:18:30,402 INFO HTTP Request: POST http://localhost:11437/api/chat "HTTP/1.1 200 OK"
2026-08-10 15:18:34,574 INFO [1/1150] single:TXN-2025-001:t0-fixed:0 -> investigate (9.9s)
2026-08-10 15:18:35,441 INFO HTTP Request: POST http://localhost:11437/api/chat "HTTP/1.1 200 OK"
2026-08-10 15:18:37,867 INFO HTTP Request: POST http://localhost:11437/api/chat "HTTP/1.1 200 OK"
2026-08-10 15:18:38,937 INFO HTTP Request: POST http://localhost:11437/api/chat "HTTP/1.1 200 OK"
2026-08-10 15:18:39,551 INFO HTTP Request: POST http://localhost:11437/api/chat "HTTP/1.1 200 OK"
2026-08-10 15:18:43,864 INFO [2/1150] single:TXN-2025-001:t0-fixed:1 -> investigate (9.3s)
2026-08-10 15:18:44,729 INFO HTTP Request: POST http://localhost:11437/api/chat "HTTP/1.1 200 OK"
2026-08-10 15:18:47,104 INFO HTTP Request: POST http://localhost:11437/api/chat "HTTP/1.1 200 OK"
2026-08-10 15:18:48,139 INFO HTTP Request: POST http://localhost:11437/api/chat "HTTP/1.1 200 OK"
2026-08-10 15:18:48,691 INFO HTTP Request: POST http://localhost:11437/api/chat "HTTP/1.1 200 OK"
2026-08-10 15:18:52,746 INFO [3/1150] single:TXN-2025-001:t0-fixed:2 -> investigate (8.9s)
2026-08-10 15:18:53,605 INFO HTTP Request: POST http://localhost:11437/api/chat "HTTP/1.1 200 OK"
2026-08-10 15:18:55,957 INFO HTTP Request: POST http://localhost:11437/api/chat "HTTP/1.1 200 OK"
2026-08-10 15:18:57,010 INFO HTTP Request: POST http://localhost:11437/api/chat "HTTP/1.1 200 OK"
2026-08-10 15:18:57,608 INFO HTTP Request: POST http://localhost:11437/api/chat "HTTP/1.1 200 OK"
2026-08-10 15:19:02,327 INFO [4/1150] single:TXN-2025-001:t0-fixed:3 -> investigate (9.6s)
2026-08-10 15:19:03,210 INFO HTTP Request: POST http://localhost:11437/api/chat "HTTP/1.1 200 OK"
2026-08-10 15:19:05,778 INFO HTTP Request: POST http://localhost:11437/api/chat "HTTP/1.1 200 OK"
2026-08-10 15:19:06,817 INFO HTTP Request: POST http://localhost:11437/api/chat "HTTP/1.1 200 OK"
2026-08-10 15:19:07,407 INFO HTTP Request: POST http://localhost:11437/api/chat "HTTP/1.1 200 OK"
2026-08-10 15:19:11,486 INFO [5/1150] single:TXN-2025-001:t0-fixed:4 -> investigate (9.1s)
2026-08-10 15:19:12,710 INFO HTTP Request: POST http://localhost:11437/api/chat "HTTP/1.1 200 OK"
2026-08-10 15:19:14,108 INFO HTTP Request: POST http://localhost:11437/api/chat "HTTP/1.1 200 OK"
2026-08-10 15:19:16,620 INFO [6/1150] single:TXN-2025-002:t0-fixed:0 -> escalate (5.1s)
2026-08-10 15:19:17,382 INFO HTTP Request: POST http://localhost:11437/api/chat "HTTP/1.1 200 OK"
2026-08-10 15:19:18,732 INFO HTTP Request: POST http://localhost:11437/api/chat "HTTP/1.1 200 OK"
2026-08-10 15:19:21,079 INFO [7/1150] single:TXN-2025-002:t0-fixed:1 -> escalate (4.5s)
2026-08-10 15:19:21,951 INFO HTTP Request: POST http://localhost:11437/api/chat "HTTP/1.1 200 OK"
2026-08-10 15:19:23,412 INFO HTTP Request: POST http://localhost:11437/api/chat "HTTP/1.1 200 OK"
2026-08-10 15:19:25,777 INFO [8/1150] single:TXN-2025-002:t0-fixed:2 -> escalate (4.7s)
2026-08-10 15:19:26,692 INFO HTTP Request: POST http://localhost:11437/api/chat "HTTP/1.1 200 OK"
2026-08-10 15:19:28,137 INFO HTTP Request: POST http://localhost:11437/api/chat "HTTP/1.1 200 OK"
2026-08-10 15:19:30,204 INFO [9/1150] single:TXN-2025-002:t0-fixed:3 -> escalate (4.4s)
2026-08-10 15:19:31,045 INFO HTTP Request: POST http://localhost:11437/api/chat "HTTP/1.1 200 OK"
2026-08-10 15:19:32,464 INFO HTTP Request: POST http://localhost:11437/api/chat "HTTP/1.1 200 OK"
2026-08-10 15:19:34,736 INFO [10/1150] single:TXN-2025-002:t0-fixed:4 -> escalate (4.5s)
2026-08-10 15:19:35,761 INFO HTTP Request: POST http://localhost:11437/api/chat "HTTP/1.1 200 OK"
2026-08-10 15:19:37,085 INFO HTTP Request: POST http://localhost:11437/api/chat "HTTP/1.1 200 OK"
2026-08-10 15:19:38,765 INFO HTTP Request: POST http://localhost:11437/api/chat "HTTP/1.1 200 OK"
2026-08-10 15:19:39,337 INFO HTTP Request: POST http://localhost:11437/api/chat "HTTP/1.1 200 OK"
2026-08-10 15:19:40,680 INFO [11/1150] single:TXN-2025-003:t0-fixed:0 -> investigate (5.9s)
2026-08-10 15:19:41,560 INFO HTTP Request: POST http://localhost:11437/api/chat "HTTP/1.1 200 OK"
2026-08-10 15:19:42,880 INFO HTTP Request: POST http://localhost:11437/api/chat "HTTP/1.1 200 OK"
2026-08-10 15:19:44,719 INFO HTTP Request: POST http://localhost:11437/api/chat "HTTP/1.1 200 OK"
2026-08-10 15:19:45,284 INFO HTTP Request: POST http://localhost:11437/api/chat "HTTP/1.1 200 OK"
2026-08-10 15:19:46,446 INFO [12/1150] single:TXN-2025-003:t0-fixed:1 -> investigate (5.8s)
2026-08-10 15:19:47,291 INFO HTTP Request: POST http://localhost:11437/api/chat "HTTP/1.1 200 OK"
2026-08-10 15:19:48,611 INFO HTTP Request: POST http://localhost:11437/api/chat "HTTP/1.1 200 OK"
2026-08-10 15:19:50,388 INFO HTTP Request: POST http://localhost:11437/api/chat "HTTP/1.1 200 OK"
2026-08-10 15:19:50,994 INFO HTTP Request: POST http://localhost:11437/api/chat "HTTP/1.1 200 OK"
2026-08-10 15:19:52,413 INFO [13/1150] single:TXN-2025-003:t0-fixed:2 -> investigate (6.0s)
2026-08-10 15:19:53,289 INFO HTTP Request: POST http://localhost:11437/api/chat "HTTP/1.1 200 OK"
2026-08-10 15:19:54,603 INFO HTTP Request: POST http://localhost:11437/api/chat "HTTP/1.1 200 OK"
2026-08-10 15:19:56,339 INFO HTTP Request: POST http://localhost:11437/api/chat "HTTP/1.1 200 OK"
2026-08-10 15:19:56,917 INFO HTTP Request: POST http://localhost:11437/api/chat "HTTP/1.1 200 OK"
2026-08-10 15:19:58,122 INFO [14/1150] single:TXN-2025-003:t0-fixed:3 -> investigate (5.7s)
2026-08-10 15:19:59,014 INFO HTTP Request: POST http://localhost:11437/api/chat "HTTP/1.1 200 OK"
2026-08-10 15:20:00,245 INFO HTTP Request: POST http://localhost:11437/api/chat "HTTP/1.1 200 OK"
2026-08-10 15:20:02,100 INFO HTTP Request: POST http://localhost:11437/api/chat "HTTP/1.1 200 OK"
2026-08-10 15:20:02,685 INFO HTTP Request: POST http://localhost:11437/api/chat "HTTP/1.1 200 OK"
2026-08-10 15:20:04,233 INFO [15/1150] single:TXN-2025-003:t0-fixed:4 -> investigate (6.1s)
2026-08-10 15:20:05,339 INFO HTTP Request: POST http://localhost:11437/api/chat "HTTP/1.1 200 OK"
2026-08-10 15:20:06,551 INFO HTTP Request: POST http://localhost:11437/api/chat "HTTP/1.1 200 OK"
2026-08-10 15:20:07,583 INFO HTTP Request: POST http://localhost:11437/api/chat "HTTP/1.1 200 OK"
2026-08-10 15:20:08,146 INFO HTTP Request: POST http://localhost:11437/api/chat "HTTP/1.1 200 OK"
2026-08-10 15:20:11,062 INFO [16/1150] single:TXN-2025-004:t0-fixed:0 -> escalate (6.8s)
2026-08-10 15:20:11,798 INFO HTTP Request: POST http://localhost:11437/api/chat "HTTP/1.1 200 OK"
2026-08-10 15:20:13,283 INFO HTTP Request: POST http://localhost:11437/api/chat "HTTP/1.1 200 OK"
2026-08-10 15:20:14,178 INFO HTTP Request: POST http://localhost:11437/api/chat "HTTP/1.1 200 OK"
2026-08-10 15:20:14,751 INFO HTTP Request: POST http://localhost:11437/api/chat "HTTP/1.1 200 OK"
2026-08-10 15:20:17,580 INFO [17/1150] single:TXN-2025-004:t0-fixed:1 -> escalate (6.5s)
2026-08-10 15:20:18,393 INFO HTTP Request: POST http://localhost:11437/api/chat "HTTP/1.1 200 OK"
2026-08-10 15:20:19,871 INFO HTTP Request: POST http://localhost:11437/api/chat "HTTP/1.1 200 OK"
2026-08-10 15:20:20,909 INFO HTTP Request: POST http://localhost:11437/api/chat "HTTP/1.1 200 OK"
2026-08-10 15:20:21,477 INFO HTTP Request: POST http://localhost:11437/api/chat "HTTP/1.1 200 OK"
2026-08-10 15:20:24,380 INFO [18/1150] single:TXN-2025-004:t0-fixed:2 -> escalate (6.8s)
2026-08-10 15:20:25,259 INFO HTTP Request: POST http://localhost:11437/api/chat "HTTP/1.1 200 OK"
2026-08-10 15:20:26,398 INFO HTTP Request: POST http://localhost:11437/api/chat "HTTP/1.1 200 OK"
2026-08-10 15:20:27,427 INFO HTTP Request: POST http://localhost:11437/api/chat "HTTP/1.1 200 OK"
2026-08-10 15:20:28,013 INFO HTTP Request: POST http://localhost:11437/api/chat "HTTP/1.1 200 OK"
2026-08-10 15:20:30,707 INFO [19/1150] single:TXN-2025-004:t0-fixed:3 -> escalate (6.3s)
2026-08-10 15:20:31,556 INFO HTTP Request: POST http://localhost:11437/api/chat "HTTP/1.1 200 OK"
2026-08-10 15:20:32,927 INFO HTTP Request: POST http://localhost:11437/api/chat "HTTP/1.1 200 OK"
2026-08-10 15:20:33,938 INFO HTTP Request: POST http://localhost:11437/api/chat "HTTP/1.1 200 OK"
2026-08-10 15:20:34,504 INFO HTTP Request: POST http://localhost:11437/api/chat "HTTP/1.1 200 OK"
2026-08-10 15:20:37,563 INFO [20/1150] single:TXN-2025-004:t0-fixed:4 -> escalate (6.8s)
2026-08-10 15:20:38,660 INFO HTTP Request: POST http://localhost:11437/api/chat "HTTP/1.1 200 OK"
2026-08-10 15:20:40,398 INFO HTTP Request: POST http://localhost:11437/api/chat "HTTP/1.1 200 OK"
2026-08-10 15:20:41,419 INFO HTTP Request: POST http://localhost:11437/api/chat "HTTP/1.1 200 OK"
2026-08-10 15:20:41,982 INFO HTTP Request: POST http://localhost:11437/api/chat "HTTP/1.1 200 OK"
2026-08-10 15:20:44,640 INFO [21/1150] single:TXN-2025-005:t0-fixed:0 -> investigate (7.1s)
2026-08-10 15:20:45,431 INFO HTTP Request: POST http://localhost:11437/api/chat "HTTP/1.1 200 OK"
2026-08-10 15:20:47,083 INFO HTTP Request: POST http://localhost:11437/api/chat "HTTP/1.1 200 OK"
2026-08-10 15:20:48,110 INFO HTTP Request: POST http://localhost:11437/api/chat "HTTP/1.1 200 OK"
2026-08-10 15:20:48,702 INFO HTTP Request: POST http://localhost:11437/api/chat "HTTP/1.1 200 OK"
2026-08-10 15:20:51,203 INFO [22/1150] single:TXN-2025-005:t0-fixed:1 -> investigate (6.6s)
2026-08-10 15:20:52,113 INFO HTTP Request: POST http://localhost:11437/api/chat "HTTP/1.1 200 OK"
2026-08-10 15:20:53,933 INFO HTTP Request: POST http://localhost:11437/api/chat "HTTP/1.1 200 OK"
2026-08-10 15:20:54,932 INFO HTTP Request: POST http://localhost:11437/api/chat "HTTP/1.1 200 OK"
2026-08-10 15:20:55,483 INFO HTTP Request: POST http://localhost:11437/api/chat "HTTP/1.1 200 OK"
2026-08-10 15:20:58,179 INFO [23/1150] single:TXN-2025-005:t0-fixed:2 -> investigate (7.0s)
2026-08-10 15:20:58,984 INFO HTTP Request: POST http://localhost:11437/api/chat "HTTP/1.1 200 OK"
2026-08-10 15:21:00,633 INFO HTTP Request: POST http://localhost:11437/api/chat "HTTP/1.1 200 OK"
2026-08-10 15:21:01,563 INFO HTTP Request: POST http://localhost:11437/api/chat "HTTP/1.1 200 OK"
2026-08-10 15:21:02,114 INFO HTTP Request: POST http://localhost:11437/api/chat "HTTP/1.1 200 OK"
2026-08-10 15:21:04,789 INFO [24/1150] single:TXN-2025-005:t0-fixed:3 -> investigate (6.6s)
2026-08-10 15:21:05,698 INFO HTTP Request: POST http://localhost:11437/api/chat "HTTP/1.1 200 OK"
2026-08-10 15:21:07,349 INFO HTTP Request: POST http://localhost:11437/api/chat "HTTP/1.1 200 OK"
2026-08-10 15:21:08,305 INFO HTTP Request: POST http://localhost:11437/api/chat "HTTP/1.1 200 OK"
2026-08-10 15:21:08,859 INFO HTTP Request: POST http://localhost:11437/api/chat "HTTP/1.1 200 OK"
2026-08-10 15:21:11,748 INFO [25/1150] single:TXN-2025-005:t0-fixed:4 -> investigate (6.9s)
2026-08-10 15:21:13,360 INFO results synced: results: single checkpoint after 25 runs this session
2026-08-10 15:21:14,491 INFO HTTP Request: POST http://localhost:11437/api/chat "HTTP/1.1 200 OK"
2026-08-10 15:21:15,568 INFO HTTP Request: POST http://localhost:11437/api/chat "HTTP/1.1 200 OK"
2026-08-10 15:21:17,659 INFO [26/1150] single:TXN-2025-006:t0-fixed:0 -> escalate (4.3s)
2026-08-10 15:21:18,405 INFO HTTP Request: POST http://localhost:11437/api/chat "HTTP/1.1 200 OK"
2026-08-10 15:21:19,415 INFO HTTP Request: POST http://localhost:11437/api/chat "HTTP/1.1 200 OK"
2026-08-10 15:21:21,420 INFO [27/1150] single:TXN-2025-006:t0-fixed:1 -> escalate (3.8s)
2026-08-10 15:21:22,306 INFO HTTP Request: POST http://localhost:11437/api/chat "HTTP/1.1 200 OK"
2026-08-10 15:21:23,306 INFO HTTP Request: POST http://localhost:11437/api/chat "HTTP/1.1 200 OK"
2026-08-10 15:21:25,353 INFO [28/1150] single:TXN-2025-006:t0-fixed:2 -> escalate (3.9s)
2026-08-10 15:21:26,246 INFO HTTP Request: POST http://localhost:11437/api/chat "HTTP/1.1 200 OK"
2026-08-10 15:21:27,380 INFO HTTP Request: POST http://localhost:11437/api/chat "HTTP/1.1 200 OK"
2026-08-10 15:21:29,252 INFO [29/1150] single:TXN-2025-006:t0-fixed:3 -> escalate (3.9s)
2026-08-10 15:21:30,160 INFO HTTP Request: POST http://localhost:11437/api/chat "HTTP/1.1 200 OK"
2026-08-10 15:21:31,238 INFO HTTP Request: POST http://localhost:11437/api/chat "HTTP/1.1 200 OK"
2026-08-10 15:21:33,164 INFO [30/1150] single:TXN-2025-006:t0-fixed:4 -> escalate (3.9s)
2026-08-10 15:21:34,293 INFO HTTP Request: POST http://localhost:11437/api/chat "HTTP/1.1 200 OK"
2026-08-10 15:21:35,950 INFO HTTP Request: POST http://localhost:11437/api/chat "HTTP/1.1 200 OK"
2026-08-10 15:21:37,230 INFO HTTP Request: POST http://localhost:11437/api/chat "HTTP/1.1 200 OK"
2026-08-10 15:21:40,104 INFO [31/1150] single:TXN-2025-007:t0-fixed:0 -> investigate (6.9s)
2026-08-10 15:21:41,029 INFO HTTP Request: POST http://localhost:11437/api/chat "HTTP/1.1 200 OK"
2026-08-10 15:21:42,469 INFO HTTP Request: POST http://localhost:11437/api/chat "HTTP/1.1 200 OK"
2026-08-10 15:21:43,820 INFO HTTP Request: POST http://localhost:11437/api/chat "HTTP/1.1 200 OK"
2026-08-10 15:21:46,830 INFO [32/1150] single:TXN-2025-007:t0-fixed:1 -> investigate (6.7s)
2026-08-10 15:21:47,703 INFO HTTP Request: POST http://localhost:11437/api/chat "HTTP/1.1 200 OK"
2026-08-10 15:21:49,231 INFO HTTP Request: POST http://localhost:11437/api/chat "HTTP/1.1 200 OK"
2026-08-10 15:21:50,516 INFO HTTP Request: POST http://localhost:11437/api/chat "HTTP/1.1 200 OK"
2026-08-10 15:21:53,591 INFO [33/1150] single:TXN-2025-007:t0-fixed:2 -> investigate (6.8s)
2026-08-10 15:21:54,483 INFO HTTP Request: POST http://localhost:11437/api/chat "HTTP/1.1 200 OK"
2026-08-10 15:21:55,921 INFO HTTP Request: POST http://localhost:11437/api/chat "HTTP/1.1 200 OK"
2026-08-10 15:21:57,045 INFO HTTP Request: POST http://localhost:11437/api/chat "HTTP/1.1 200 OK"
2026-08-10 15:21:59,905 INFO [34/1150] single:TXN-2025-007:t0-fixed:3 -> investigate (6.3s)
2026-08-10 15:22:00,811 INFO HTTP Request: POST http://localhost:11437/api/chat "HTTP/1.1 200 OK"
2026-08-10 15:22:02,303 INFO HTTP Request: POST http://localhost:11437/api/chat "HTTP/1.1 200 OK"
2026-08-10 15:22:03,639 INFO HTTP Request: POST http://localhost:11437/api/chat "HTTP/1.1 200 OK"
2026-08-10 15:22:06,563 INFO [35/1150] single:TXN-2025-007:t0-fixed:4 -> investigate (6.6s)
2026-08-10 15:22:07,691 INFO HTTP Request: POST http://localhost:11437/api/chat "HTTP/1.1 200 OK"
2026-08-10 15:22:08,913 INFO HTTP Request: POST http://localhost:11437/api/chat "HTTP/1.1 200 OK"
2026-08-10 15:22:09,479 INFO HTTP Request: POST http://localhost:11437/api/chat "HTTP/1.1 200 OK"
2026-08-10 15:22:11,366 INFO [36/1150] single:TXN-2025-008:t0-fixed:0 -> investigate (4.8s)
2026-08-10 15:22:12,299 INFO HTTP Request: POST http://localhost:11437/api/chat "HTTP/1.1 200 OK"
2026-08-10 15:22:13,656 INFO HTTP Request: POST http://localhost:11437/api/chat "HTTP/1.1 200 OK"
2026-08-10 15:22:14,250 INFO HTTP Request: POST http://localhost:11437/api/chat "HTTP/1.1 200 OK"
2026-08-10 15:22:16,150 INFO [37/1150] single:TXN-2025-008:t0-fixed:1 -> investigate (4.8s)
2026-08-10 15:22:16,978 INFO HTTP Request: POST http://localhost:11437/api/chat "HTTP/1.1 200 OK"
2026-08-10 15:22:18,356 INFO HTTP Request: POST http://localhost:11437/api/chat "HTTP/1.1 200 OK"
2026-08-10 15:22:18,961 INFO HTTP Request: POST http://localhost:11437/api/chat "HTTP/1.1 200 OK"
2026-08-10 15:22:20,954 INFO [38/1150] single:TXN-2025-008:t0-fixed:2 -> investigate (4.8s)
2026-08-10 15:22:21,854 INFO HTTP Request: POST http://localhost:11437/api/chat "HTTP/1.1 200 OK"
2026-08-10 15:22:23,112 INFO HTTP Request: POST http://localhost:11437/api/chat "HTTP/1.1 200 OK"
2026-08-10 15:22:23,703 INFO HTTP Request: POST http://localhost:11437/api/chat "HTTP/1.1 200 OK"
2026-08-10 15:22:25,720 INFO [39/1150] single:TXN-2025-008:t0-fixed:3 -> investigate (4.8s)
2026-08-10 15:22:26,502 INFO HTTP Request: POST http://localhost:11437/api/chat "HTTP/1.1 200 OK"
2026-08-10 15:22:27,956 INFO HTTP Request: POST http://localhost:11437/api/chat "HTTP/1.1 200 OK"
2026-08-10 15:22:28,603 INFO HTTP Request: POST http://localhost:11437/api/chat "HTTP/1.1 200 OK"
2026-08-10 15:22:30,338 INFO [40/1150] single:TXN-2025-008:t0-fixed:4 -> investigate (4.6s)
2026-08-10 15:22:31,274 INFO HTTP Request: POST http://localhost:11437/api/chat "HTTP/1.1 200 OK"
2026-08-10 15:22:32,738 INFO HTTP Request: POST http://localhost:11437/api/chat "HTTP/1.1 200 OK"
2026-08-10 15:22:33,564 INFO HTTP Request: POST http://localhost:11437/api/chat "HTTP/1.1 200 OK"
2026-08-10 15:22:34,149 INFO HTTP Request: POST http://localhost:11437/api/chat "HTTP/1.1 200 OK"
2026-08-10 15:22:35,324 INFO [41/1150] single:TXN-2025-009:t0-fixed:0 -> investigate (5.0s)
2026-08-10 15:22:36,296 INFO HTTP Request: POST http://localhost:11437/api/chat "HTTP/1.1 200 OK"
2026-08-10 15:22:37,694 INFO HTTP Request: POST http://localhost:11437/api/chat "HTTP/1.1 200 OK"
2026-08-10 15:22:38,674 INFO HTTP Request: POST http://localhost:11437/api/chat "HTTP/1.1 200 OK"
2026-08-10 15:22:39,258 INFO HTTP Request: POST http://localhost:11437/api/chat "HTTP/1.1 200 OK"
2026-08-10 15:22:40,657 INFO [42/1150] single:TXN-2025-009:t0-fixed:1 -> investigate (5.3s)
2026-08-10 15:22:41,641 INFO HTTP Request: POST http://localhost:11437/api/chat "HTTP/1.1 200 OK"
2026-08-10 15:22:42,779 INFO HTTP Request: POST http://localhost:11437/api/chat "HTTP/1.1 200 OK"
2026-08-10 15:22:43,787 INFO HTTP Request: POST http://localhost:11437/api/chat "HTTP/1.1 200 OK"
2026-08-10 15:22:44,353 INFO HTTP Request: POST http://localhost:11437/api/chat "HTTP/1.1 200 OK"
2026-08-10 15:22:45,561 INFO [43/1150] single:TXN-2025-009:t0-fixed:2 -> investigate (4.9s)
2026-08-10 15:22:46,597 INFO HTTP Request: POST http://localhost:11437/api/chat "HTTP/1.1 200 OK"
2026-08-10 15:22:47,775 INFO HTTP Request: POST http://localhost:11437/api/chat "HTTP/1.1 200 OK"
2026-08-10 15:22:48,792 INFO HTTP Request: POST http://localhost:11437/api/chat "HTTP/1.1 200 OK"
2026-08-10 15:22:49,410 INFO HTTP Request: POST http://localhost:11437/api/chat "HTTP/1.1 200 OK"
2026-08-10 15:22:50,480 INFO [44/1150] single:TXN-2025-009:t0-fixed:3 -> investigate (4.9s)
2026-08-10 15:22:51,281 INFO HTTP Request: POST http://localhost:11437/api/chat "HTTP/1.1 200 OK"
2026-08-10 15:22:52,720 INFO HTTP Request: POST http://localhost:11437/api/chat "HTTP/1.1 200 OK"
2026-08-10 15:22:53,728 INFO HTTP Request: POST http://localhost:11437/api/chat "HTTP/1.1 200 OK"
2026-08-10 15:22:54,293 INFO HTTP Request: POST http://localhost:11437/api/chat "HTTP/1.1 200 OK"
2026-08-10 15:22:55,434 INFO [45/1150] single:TXN-2025-009:t0-fixed:4 -> investigate (4.9s)
2026-08-10 15:22:56,574 INFO HTTP Request: POST http://localhost:11437/api/chat "HTTP/1.1 200 OK"
2026-08-10 15:22:57,853 INFO HTTP Request: POST http://localhost:11437/api/chat "HTTP/1.1 200 OK"
2026-08-10 15:22:59,498 INFO HTTP Request: POST http://localhost:11437/api/chat "HTTP/1.1 200 OK"
2026-08-10 15:23:00,092 INFO HTTP Request: POST http://localhost:11437/api/chat "HTTP/1.1 200 OK"
2026-08-10 15:23:02,273 INFO [46/1150] single:TXN-2025-010:t0-fixed:0 -> investigate (6.8s)
2026-08-10 15:23:03,141 INFO HTTP Request: POST http://localhost:11437/api/chat "HTTP/1.1 200 OK"
2026-08-10 15:23:04,527 INFO HTTP Request: POST http://localhost:11437/api/chat "HTTP/1.1 200 OK"
2026-08-10 15:23:06,247 INFO HTTP Request: POST http://localhost:11437/api/chat "HTTP/1.1 200 OK"
2026-08-10 15:23:06,811 INFO HTTP Request: POST http://localhost:11437/api/chat "HTTP/1.1 200 OK"
2026-08-10 15:23:09,169 INFO [47/1150] single:TXN-2025-010:t0-fixed:1 -> investigate (6.9s)
2026-08-10 15:23:10,034 INFO HTTP Request: POST http://localhost:11437/api/chat "HTTP/1.1 200 OK"
2026-08-10 15:23:11,343 INFO HTTP Request: POST http://localhost:11437/api/chat "HTTP/1.1 200 OK"
2026-08-10 15:23:13,172 INFO HTTP Request: POST http://localhost:11437/api/chat "HTTP/1.1 200 OK"
2026-08-10 15:23:13,745 INFO HTTP Request: POST http://localhost:11437/api/chat "HTTP/1.1 200 OK"
2026-08-10 15:23:16,006 INFO [48/1150] single:TXN-2025-010:t0-fixed:2 -> investigate (6.8s)
2026-08-10 15:23:16,853 INFO HTTP Request: POST http://localhost:11437/api/chat "HTTP/1.1 200 OK"
2026-08-10 15:23:18,064 INFO HTTP Request: POST http://localhost:11437/api/chat "HTTP/1.1 200 OK"
2026-08-10 15:23:19,803 INFO HTTP Request: POST http://localhost:11437/api/chat "HTTP/1.1 200 OK"
2026-08-10 15:23:20,440 INFO HTTP Request: POST http://localhost:11437/api/chat "HTTP/1.1 200 OK"
2026-08-10 15:23:22,654 INFO [49/1150] single:TXN-2025-010:t0-fixed:3 -> investigate (6.6s)
2026-08-10 15:23:23,392 INFO HTTP Request: POST http://localhost:11437/api/chat "HTTP/1.1 200 OK"
2026-08-10 15:23:24,741 INFO HTTP Request: POST http://localhost:11437/api/chat "HTTP/1.1 200 OK"
2026-08-10 15:23:26,405 INFO HTTP Request: POST http://localhost:11437/api/chat "HTTP/1.1 200 OK"
2026-08-10 15:23:27,029 INFO HTTP Request: POST http://localhost:11437/api/chat "HTTP/1.1 200 OK"
2026-08-10 15:23:29,439 INFO [50/1150] single:TXN-2025-010:t0-fixed:4 -> investigate (6.8s)
2026-08-10 15:23:31,114 INFO results synced: results: single checkpoint after 50 runs this session
2026-08-10 15:23:32,263 INFO HTTP Request: POST http://localhost:11437/api/chat "HTTP/1.1 200 OK"
2026-08-10 15:23:33,525 INFO HTTP Request: POST http://localhost:11437/api/chat "HTTP/1.1 200 OK"
2026-08-10 15:23:35,041 INFO HTTP Request: POST http://localhost:11437/api/chat "HTTP/1.1 200 OK"
2026-08-10 15:23:37,008 INFO [51/1150] single:TXN-2025-011:t0-fixed:0 -> investigate (5.9s)
2026-08-10 15:23:38,000 INFO HTTP Request: POST http://localhost:11437/api/chat "HTTP/1.1 200 OK"
2026-08-10 15:23:39,434 INFO HTTP Request: POST http://localhost:11437/api/chat "HTTP/1.1 200 OK"
2026-08-10 15:23:40,606 INFO HTTP Request: POST http://localhost:11437/api/chat "HTTP/1.1 200 OK"
2026-08-10 15:23:42,637 INFO [52/1150] single:TXN-2025-011:t0-fixed:1 -> investigate (5.6s)
2026-08-10 15:23:43,656 INFO HTTP Request: POST http://localhost:11437/api/chat "HTTP/1.1 200 OK"
2026-08-10 15:23:44,965 INFO HTTP Request: POST http://localhost:11437/api/chat "HTTP/1.1 200 OK"
2026-08-10 15:23:46,333 INFO HTTP Request: POST http://localhost:11437/api/chat "HTTP/1.1 200 OK"
2026-08-10 15:23:48,652 INFO [53/1150] single:TXN-2025-011:t0-fixed:2 -> investigate (6.0s)
2026-08-10 15:23:49,648 INFO HTTP Request: POST http://localhost:11437/api/chat "HTTP/1.1 200 OK"
2026-08-10 15:23:51,069 INFO HTTP Request: POST http://localhost:11437/api/chat "HTTP/1.1 200 OK"
2026-08-10 15:23:52,354 INFO HTTP Request: POST http://localhost:11437/api/chat "HTTP/1.1 200 OK"
2026-08-10 15:23:54,699 INFO [54/1150] single:TXN-2025-011:t0-fixed:3 -> investigate (6.0s)
2026-08-10 15:23:55,602 INFO HTTP Request: POST http://localhost:11437/api/chat "HTTP/1.1 200 OK"
2026-08-10 15:23:56,881 INFO HTTP Request: POST http://localhost:11437/api/chat "HTTP/1.1 200 OK"
2026-08-10 15:23:58,421 INFO HTTP Request: POST http://localhost:11437/api/chat "HTTP/1.1 200 OK"
2026-08-10 15:24:00,412 INFO [55/1150] single:TXN-2025-011:t0-fixed:4 -> investigate (5.7s)
2026-08-10 15:24:01,528 INFO HTTP Request: POST http://localhost:11437/api/chat "HTTP/1.1 200 OK"
2026-08-10 15:24:02,972 INFO HTTP Request: POST http://localhost:11437/api/chat "HTTP/1.1 200 OK"
2026-08-10 15:24:03,544 INFO HTTP Request: POST http://localhost:11437/api/chat "HTTP/1.1 200 OK"
2026-08-10 15:24:04,738 INFO [56/1150] single:TXN-2025-012:t0-fixed:0 -> dismiss (4.3s)
2026-08-10 15:24:05,707 INFO HTTP Request: POST http://localhost:11437/api/chat "HTTP/1.1 200 OK"
2026-08-10 15:24:07,153 INFO HTTP Request: POST http://localhost:11437/api/chat "HTTP/1.1 200 OK"
2026-08-10 15:24:07,760 INFO HTTP Request: POST http://localhost:11437/api/chat "HTTP/1.1 200 OK"
2026-08-10 15:24:09,003 INFO [57/1150] single:TXN-2025-012:t0-fixed:1 -> dismiss (4.3s)
2026-08-10 15:24:10,006 INFO HTTP Request: POST http://localhost:11437/api/chat "HTTP/1.1 200 OK"
2026-08-10 15:24:11,254 INFO HTTP Request: POST http://localhost:11437/api/chat "HTTP/1.1 200 OK"
2026-08-10 15:24:11,881 INFO HTTP Request: POST http://localhost:11437/api/chat "HTTP/1.1 200 OK"
2026-08-10 15:24:13,106 INFO [58/1150] single:TXN-2025-012:t0-fixed:2 -> dismiss (4.1s)
2026-08-10 15:24:14,097 INFO HTTP Request: POST http://localhost:11437/api/chat "HTTP/1.1 200 OK"
2026-08-10 15:24:15,449 INFO HTTP Request: POST http://localhost:11437/api/chat "HTTP/1.1 200 OK"
2026-08-10 15:24:16,040 INFO HTTP Request: POST http://localhost:11437/api/chat "HTTP/1.1 200 OK"
2026-08-10 15:24:17,273 INFO [59/1150] single:TXN-2025-012:t0-fixed:3 -> dismiss (4.2s)
2026-08-10 15:24:18,157 INFO HTTP Request: POST http://localhost:11437/api/chat "HTTP/1.1 200 OK"
2026-08-10 15:24:19,435 INFO HTTP Request: POST http://localhost:11437/api/chat "HTTP/1.1 200 OK"
2026-08-10 15:24:20,016 INFO HTTP Request: POST http://localhost:11437/api/chat "HTTP/1.1 200 OK"
2026-08-10 15:24:21,233 INFO [60/1150] single:TXN-2025-012:t0-fixed:4 -> dismiss (3.9s)
2026-08-10 15:24:22,070 INFO HTTP Request: POST http://localhost:11437/api/chat "HTTP/1.1 200 OK"
2026-08-10 15:24:23,694 INFO HTTP Request: POST http://localhost:11437/api/chat "HTTP/1.1 200 OK"
2026-08-10 15:24:25,413 INFO HTTP Request: POST http://localhost:11437/api/chat "HTTP/1.1 200 OK"
2026-08-10 15:24:25,980 INFO HTTP Request: POST http://localhost:11437/api/chat "HTTP/1.1 200 OK"
2026-08-10 15:24:29,179 INFO [61/1150] single:TXN-2025-013:t0-fixed:0 -> escalate (7.9s)
2026-08-10 15:24:29,980 INFO HTTP Request: POST http://localhost:11437/api/chat "HTTP/1.1 200 OK"
2026-08-10 15:24:31,819 INFO HTTP Request: POST http://localhost:11437/api/chat "HTTP/1.1 200 OK"
2026-08-10 15:24:33,412 INFO HTTP Request: POST http://localhost:11437/api/chat "HTTP/1.1 200 OK"
2026-08-10 15:24:33,991 INFO HTTP Request: POST http://localhost:11437/api/chat "HTTP/1.1 200 OK"
2026-08-10 15:24:37,103 INFO [62/1150] single:TXN-2025-013:t0-fixed:1 -> escalate (7.9s)
2026-08-10 15:24:38,107 INFO HTTP Request: POST http://localhost:11437/api/chat "HTTP/1.1 200 OK"
2026-08-10 15:24:39,864 INFO HTTP Request: POST http://localhost:11437/api/chat "HTTP/1.1 200 OK"
2026-08-10 15:24:41,689 INFO HTTP Request: POST http://localhost:11437/api/chat "HTTP/1.1 200 OK"
2026-08-10 15:24:42,268 INFO HTTP Request: POST http://localhost:11437/api/chat "HTTP/1.1 200 OK"
2026-08-10 15:24:45,287 INFO [63/1150] single:TXN-2025-013:t0-fixed:2 -> escalate (8.2s)
2026-08-10 15:24:46,273 INFO HTTP Request: POST http://localhost:11437/api/chat "HTTP/1.1 200 OK"
2026-08-10 15:24:48,001 INFO HTTP Request: POST http://localhost:11437/api/chat "HTTP/1.1 200 OK"
2026-08-10 15:24:49,763 INFO HTTP Request: POST http://localhost:11437/api/chat "HTTP/1.1 200 OK"
2026-08-10 15:24:50,353 INFO HTTP Request: POST http://localhost:11437/api/chat "HTTP/1.1 200 OK"
2026-08-10 15:24:53,188 INFO [64/1150] single:TXN-2025-013:t0-fixed:3 -> escalate (7.9s)
2026-08-10 15:24:54,078 INFO HTTP Request: POST http://localhost:11437/api/chat "HTTP/1.1 200 OK"
2026-08-10 15:24:55,902 INFO HTTP Request: POST http://localhost:11437/api/chat "HTTP/1.1 200 OK"
2026-08-10 15:24:57,468 INFO HTTP Request: POST http://localhost:11437/api/chat "HTTP/1.1 200 OK"
2026-08-10 15:24:58,035 INFO HTTP Request: POST http://localhost:11437/api/chat "HTTP/1.1 200 OK"
2026-08-10 15:25:00,894 INFO [65/1150] single:TXN-2025-013:t0-fixed:4 -> escalate (7.7s)
2026-08-10 15:25:02,016 INFO HTTP Request: POST http://localhost:11437/api/chat "HTTP/1.1 200 OK"
2026-08-10 15:25:02,918 INFO HTTP Request: POST http://localhost:11437/api/chat "HTTP/1.1 200 OK"
2026-08-10 15:25:03,937 INFO HTTP Request: POST http://localhost:11437/api/chat "HTTP/1.1 200 OK"
2026-08-10 15:25:04,521 INFO HTTP Request: POST http://localhost:11437/api/chat "HTTP/1.1 200 OK"
2026-08-10 15:25:06,083 INFO [66/1150] single:TXN-2025-014:t0-fixed:0 -> investigate (5.2s)
2026-08-10 15:25:06,920 INFO HTTP Request: POST http://localhost:11437/api/chat "HTTP/1.1 200 OK"
2026-08-10 15:25:07,706 INFO HTTP Request: POST http://localhost:11437/api/chat "HTTP/1.1 200 OK"
2026-08-10 15:25:08,753 INFO HTTP Request: POST http://localhost:11437/api/chat "HTTP/1.1 200 OK"
2026-08-10 15:25:09,317 INFO HTTP Request: POST http://localhost:11437/api/chat "HTTP/1.1 200 OK"
2026-08-10 15:25:10,754 INFO [67/1150] single:TXN-2025-014:t0-fixed:1 -> investigate (4.7s)
2026-08-10 15:25:11,607 INFO HTTP Request: POST http://localhost:11437/api/chat "HTTP/1.1 200 OK"
2026-08-10 15:25:12,536 INFO HTTP Request: POST http://localhost:11437/api/chat "HTTP/1.1 200 OK"
2026-08-10 15:25:13,507 INFO HTTP Request: POST http://localhost:11437/api/chat "HTTP/1.1 200 OK"
2026-08-10 15:25:14,064 INFO HTTP Request: POST http://localhost:11437/api/chat "HTTP/1.1 200 OK"
2026-08-10 15:25:15,619 INFO [68/1150] single:TXN-2025-014:t0-fixed:2 -> investigate (4.9s)
2026-08-10 15:25:16,527 INFO HTTP Request: POST http://localhost:11437/api/chat "HTTP/1.1 200 OK"
2026-08-10 15:25:17,461 INFO HTTP Request: POST http://localhost:11437/api/chat "HTTP/1.1 200 OK"
2026-08-10 15:25:18,359 INFO HTTP Request: POST http://localhost:11437/api/chat "HTTP/1.1 200 OK"
2026-08-10 15:25:18,925 INFO HTTP Request: POST http://localhost:11437/api/chat "HTTP/1.1 200 OK"
2026-08-10 15:25:20,533 INFO [69/1150] single:TXN-2025-014:t0-fixed:3 -> investigate (4.9s)
2026-08-10 15:25:21,385 INFO HTTP Request: POST http://localhost:11437/api/chat "HTTP/1.1 200 OK"
2026-08-10 15:25:22,234 INFO HTTP Request: POST http://localhost:11437/api/chat "HTTP/1.1 200 OK"
2026-08-10 15:25:23,252 INFO HTTP Request: POST http://localhost:11437/api/chat "HTTP/1.1 200 OK"
2026-08-10 15:25:23,870 INFO HTTP Request: POST http://localhost:11437/api/chat "HTTP/1.1 200 OK"
2026-08-10 15:25:25,420 INFO [70/1150] single:TXN-2025-014:t0-fixed:4 -> investigate (4.9s)
2026-08-10 15:25:26,598 INFO HTTP Request: POST http://localhost:11437/api/chat "HTTP/1.1 200 OK"
2026-08-10 15:25:27,535 INFO HTTP Request: POST http://localhost:11437/api/chat "HTTP/1.1 200 OK"
2026-08-10 15:25:29,401 INFO [71/1150] single:TXN-2025-015:t0-fixed:0 -> escalate (4.0s)
2026-08-10 15:25:30,353 INFO HTTP Request: POST http://localhost:11437/api/chat "HTTP/1.1 200 OK"
2026-08-10 15:25:31,299 INFO HTTP Request: POST http://localhost:11437/api/chat "HTTP/1.1 200 OK"
2026-08-10 15:25:33,305 INFO [72/1150] single:TXN-2025-015:t0-fixed:1 -> escalate (3.9s)
2026-08-10 15:25:34,184 INFO HTTP Request: POST http://localhost:11437/api/chat "HTTP/1.1 200 OK"
2026-08-10 15:25:35,138 INFO HTTP Request: POST http://localhost:11437/api/chat "HTTP/1.1 200 OK"
2026-08-10 15:25:36,735 INFO [73/1150] single:TXN-2025-015:t0-fixed:2 -> escalate (3.4s)
2026-08-10 15:25:37,637 INFO HTTP Request: POST http://localhost:11437/api/chat "HTTP/1.1 200 OK"
2026-08-10 15:25:38,596 INFO HTTP Request: POST http://localhost:11437/api/chat "HTTP/1.1 200 OK"
2026-08-10 15:25:40,455 INFO [74/1150] single:TXN-2025-015:t0-fixed:3 -> escalate (3.7s)
2026-08-10 15:25:41,369 INFO HTTP Request: POST http://localhost:11437/api/chat "HTTP/1.1 200 OK"
2026-08-10 15:25:42,356 INFO HTTP Request: POST http://localhost:11437/api/chat "HTTP/1.1 200 OK"
2026-08-10 15:25:44,163 INFO [75/1150] single:TXN-2025-015:t0-fixed:4 -> escalate (3.7s)
